















a
a
ac
aliquam
aliquam
aliquet
aliquet
arcu vitae
at
at
at
auctor
bibendum
condimentum
condimentum
condimentum
curabitur
cursus
diam
dignissim
donec
duis
egestas
eget
eget
eleifend
eleifend
elementum
enim
et
et
et
eu
fames
fermentum
habitant
iaculis
id
id
id
id
in
integer
justo
lectus
lorem
magna
malesuada
malesuada
mattis
metus
mi
morbi
nec sagittis aliquam 
netus
nibh
nibh
nisl
non
nulla
nulla
nunc
nunc
orci
pellentesque
pellentesque
phasellus
phasellusfaucibus
posuere
pretium
proin
purus
risus
sagittis
sapien
sapien
scelerisque
scelerisque
sed
sed
sed
semper
senectus
sodales ut eu sem
sollicitudin
tellus
tempus
tortor
tortor
tristique
tristique
turpis
ultrices
ultricies
urna
urna
urna
velit
venenatis
vestibulum
vitae
vitae
vitae
vulputate